
> vite_react_shadcn_ts@0.0.0 dev
> vite --host 0.0.0.0


  VITE v5.4.19  ready in 173 ms

  ➜  Local:   http://localhost:8080/
  ➜  Network: http://172.18.0.3:8080/
Browserslist: browsers data (caniuse-lite) is 6 months old. Please run:
  npx update-browserslist-db@latest
  Why you should do it regularly: https://github.com/browserslist/update-db#readme
[vite:css] @import must precede all other statements (besides @charset or empty @layer)
3  |  @tailwind utilities;
4  |  
5  |  @import url('https://fonts.googleapis.com/css2?family=Inter:wght@400;500;600;700&family=Outfit:wght@500;600;700&display=swap');
   |  ^^^^^^^^^^^^^^^^^^^^^^^^^^^^^^^^^^^^^^^^^^^^^^^^^^^^^^^^^^^^^^^^^^^^^^^^^^^^^^^^^^^^^^^^^^^^^^^^^^^^^^^^^^^^^^^^^^^^^^^^^^^^^^^
6  |  
7  |  /* Murthy Design System - Elevated & Modern */

> vite_react_shadcn_ts@0.0.0 dev
> vite --host 0.0.0.0


  VITE v5.4.19  ready in 262 ms

  ➜  Local:   http://localhost:8080/
  ➜  Network: http://172.18.0.3:8080/
Browserslist: browsers data (caniuse-lite) is 6 months old. Please run:
  npx update-browserslist-db@latest
  Why you should do it regularly: https://github.com/browserslist/update-db#readme
[vite:css] @import must precede all other statements (besides @charset or empty @layer)
3  |  @tailwind utilities;
4  |  
5  |  @import url('https://fonts.googleapis.com/css2?family=Inter:wght@400;500;600;700&family=Outfit:wght@500;600;700&display=swap');
   |  ^^^^^^^^^^^^^^^^^^^^^^^^^^^^^^^^^^^^^^^^^^^^^^^^^^^^^^^^^^^^^^^^^^^^^^^^^^^^^^^^^^^^^^^^^^^^^^^^^^^^^^^^^^^^^^^^^^^^^^^^^^^^^^^
6  |  
7  |  /* Murthy Design System - Elevated & Modern */

> vite_react_shadcn_ts@0.0.0 dev
> vite --host 0.0.0.0


  VITE v5.4.19  ready in 437 ms

  ➜  Local:   http://localhost:8080/
  ➜  Network: http://172.18.0.3:8080/
Browserslist: browsers data (caniuse-lite) is 6 months old. Please run:
  npx update-browserslist-db@latest
  Why you should do it regularly: https://github.com/browserslist/update-db#readme
[vite:css] @import must precede all other statements (besides @charset or empty @layer)
3  |  @tailwind utilities;
4  |  
5  |  @import url('https://fonts.googleapis.com/css2?family=Inter:wght@400;500;600;700&family=Outfit:wght@500;600;700&display=swap');
   |  ^^^^^^^^^^^^^^^^^^^^^^^^^^^^^^^^^^^^^^^^^^^^^^^^^^^^^^^^^^^^^^^^^^^^^^^^^^^^^^^^^^^^^^^^^^^^^^^^^^^^^^^^^^^^^^^^^^^^^^^^^^^^^^^
6  |  
7  |  /* Murthy Design System - Elevated & Modern */
12:25:52 PM [vite] hmr update /src/components/ExcelConverter.tsx, /src/index.css
[vite:css] @import must precede all other statements (besides @charset or empty @layer)
3  |  @tailwind utilities;
4  |  
5  |  @import url('https://fonts.googleapis.com/css2?family=Inter:wght@400;500;600;700&family=Outfit:wght@500;600;700&display=swap');
   |  ^^^^^^^^^^^^^^^^^^^^^^^^^^^^^^^^^^^^^^^^^^^^^^^^^^^^^^^^^^^^^^^^^^^^^^^^^^^^^^^^^^^^^^^^^^^^^^^^^^^^^^^^^^^^^^^^^^^^^^^^^^^^^^^
6  |  
7  |  /* Murthy Design System - Elevated & Modern */
